// Jest Snapshot v1, https://goo.gl/fbAQLP

exports[`<Selection /> Should render correctly 1`] = `
<div
  className="card"
>
  <div
    className="card--image"
  >
    <img
      alt=""
      src="image test url"
    />
  </div>
  <div
    className="card--title"
  >
    <span
      className="card--title__subtitle"
      data-testid="cardSubTitle"
    >
       
      <svg
        fill="currentColor"
        height="1em"
        stroke="currentColor"
        strokeWidth="0"
        style={
          {
            "color": undefined,
          }
        }
        viewBox="0 0 24 24"
        width="1em"
        xmlns="http://www.w3.org/2000/svg"
      >
        <g>
          <path
            d="M0 0h24v24H0z"
            fill="none"
          />
          <path
            d="M21 18H6a1 1 0 0 0 0 2h15v2H6a3 3 0 0 1-3-3V4a2 2 0 0 1 2-2h16v16zm-5-9V7H8v2h8z"
          />
        </g>
      </svg>
       
      test pathway
       â€¢ 
      10 mins
    </span>
    <h2
      className="card--title__title"
      data-testid="cardTitle"
    >
      test
    </h2>
  </div>
  <div
    className="card--description"
  >
    test description
  </div>
  <div
    className="card--link"
  >
    <a
      className="card--link__href"
      data-testid="cardLink"
      href="test link"
      rel="noopener noreferrer"
      target="_blank"
    >
      View pathway
    </a>
    <svg
      fill="currentColor"
      height="1em"
      stroke="currentColor"
      strokeWidth="0"
      style={
        {
          "color": undefined,
        }
      }
      viewBox="0 0 448 512"
      width="1em"
      xmlns="http://www.w3.org/2000/svg"
    >
      <path
        d="M190.5 66.9l22.2-22.2c9.4-9.4 24.6-9.4 33.9 0L441 239c9.4 9.4 9.4 24.6 0 33.9L246.6 467.3c-9.4 9.4-24.6 9.4-33.9 0l-22.2-22.2c-9.5-9.5-9.3-25 .4-34.3L311.4 296H24c-13.3 0-24-10.7-24-24v-32c0-13.3 10.7-24 24-24h287.4L190.9 101.2c-9.8-9.3-10-24.8-.4-34.3z"
      />
    </svg>
  </div>
</div>
`;
